
Discarded input sections

 _ZN7_JNIEnv11GetMethodIDEP7_jclassPKcS3_
                0x00000000        0x0 release/ApplifierCrossPromotion_platform.os
 _ZN7_JNIEnv17CallBooleanMethodEP8_jobjectP10_jmethodIDz
                0x00000000        0x0 release/ApplifierCrossPromotion_platform.os
 _ZN7_JNIEnv13CallIntMethodEP8_jobjectP10_jmethodIDz
                0x00000000        0x0 release/ApplifierCrossPromotion_platform.os
 _ZN7_JNIEnv9NewObjectEP7_jclassP10_jmethodIDz
                0x00000000        0x0 release/ApplifierCrossPromotion_platform.os
 .note.GNU-stack
                0x00000000        0x0 release/ApplifierCrossPromotion_platform.os
 .note.GNU-stack
                0x00000000        0x0 release/ApplifierCrossPromotion.os
 .note.GNU-stack
                0x00000000        0x0 release/ApplifierCrossPromotion_register.os

Memory Configuration

Name             Origin             Length             Attributes
*default*        0x00000000         0xffffffff

Linker script and memory map

LOAD release/ApplifierCrossPromotion_platform.os
LOAD release/ApplifierCrossPromotion.os
LOAD release/ApplifierCrossPromotion_register.os
LOAD /Developer/Marmalade/5.1/s3e/edk/lib/android/libedkcore.a
LOAD /Developer/Marmalade/5.1/s3e/edk/lib/android/libplaceholderplaceholderplaceholderplaceholderplaceholder.so
LOAD /Developer/android-ndk-r6/platforms/android-9/arch-arm/usr/lib/libc.so
LOAD /Developer/android-ndk-r6/platforms/android-9/arch-arm/usr/lib/libm.so
LOAD /Developer/android-ndk-r6/platforms/android-9/arch-arm/usr/lib/liblog.so
LOAD /Developer/android-ndk-r6/platforms/android-9/arch-arm/usr/lib/libstdc++.so
                0x000000b4                . = (0x0 + SIZEOF_HEADERS)

.note.gnu.build-id
 *(.note.gnu.build-id)

.hash           0x000000b4       0x58
 *(.hash)
 .hash          0x000000b4       0x58 release/ApplifierCrossPromotion_platform.os

.gnu.hash
 *(.gnu.hash)

.dynsym         0x0000010c      0x110
 *(.dynsym)
 .dynsym        0x0000010c      0x110 release/ApplifierCrossPromotion_platform.os

.dynstr         0x0000021c      0x100
 *(.dynstr)
 .dynstr        0x0000021c      0x100 release/ApplifierCrossPromotion_platform.os

.gnu.version    0x0000031c        0x0
 *(.gnu.version)
 .gnu.version   0x00000000        0x0 release/ApplifierCrossPromotion_platform.os

.gnu.version_d  0x0000031c        0x0
 *(.gnu.version_d)
 .gnu.version_d
                0x00000000        0x0 release/ApplifierCrossPromotion_platform.os

.gnu.version_r  0x0000031c        0x0
 *(.gnu.version_r)
 .gnu.version_r
                0x00000000        0x0 release/ApplifierCrossPromotion_platform.os

.rel.dyn        0x0000031c       0x68
 *(.rel.init)
 *(.rel.text .rel.text.* .rel.gnu.linkonce.t.*)
 *(.rel.fini)
 *(.rel.rodata .rel.rodata.* .rel.gnu.linkonce.r.*)
 *(.rel.data.rel.ro* .rel.gnu.linkonce.d.rel.ro.*)
 *(.rel.data .rel.data.* .rel.gnu.linkonce.d.*)
 *(.rel.tdata .rel.tdata.* .rel.gnu.linkonce.td.*)
 *(.rel.tbss .rel.tbss.* .rel.gnu.linkonce.tb.*)
 *(.rel.ctors)
 *(.rel.dtors)
 *(.rel.got)
 .rel.got       0x0000031c       0x68 release/ApplifierCrossPromotion_platform.os
 *(.rel.bss .rel.bss.* .rel.gnu.linkonce.b.*)

.rela.dyn
 *(.rela.init)
 *(.rela.text .rela.text.* .rela.gnu.linkonce.t.*)
 *(.rela.fini)
 *(.rela.rodata .rela.rodata.* .rela.gnu.linkonce.r.*)
 *(.rela.data .rela.data.* .rela.gnu.linkonce.d.*)
 *(.rela.tdata .rela.tdata.* .rela.gnu.linkonce.td.*)
 *(.rela.tbss .rela.tbss.* .rela.gnu.linkonce.tb.*)
 *(.rela.ctors)
 *(.rela.dtors)
 *(.rela.got)
 *(.rela.bss .rela.bss.* .rela.gnu.linkonce.b.*)

.rel.plt        0x00000384       0x18
 *(.rel.plt)
 .rel.plt       0x00000384       0x18 release/ApplifierCrossPromotion_platform.os

.rela.plt
 *(.rela.plt)

.init
 *(.init)

.plt            0x0000039c       0x38
 *(.plt)
 .plt           0x0000039c       0x38 release/ApplifierCrossPromotion_platform.os

.text           0x000003d4      0xc94
 *(.text .stub .text.* .gnu.linkonce.t.*)
 .text          0x000003d4      0x858 release/ApplifierCrossPromotion_platform.os
                0x00000874                _Z28isInterstitialReady_platformv
                0x000003d4                _Z41ApplifierCrossPromotionTerminate_platformv
                0x00000994                _Z19hideBanner_platformv
                0x000003d8                _Z36ApplifierCrossPromotionInit_platformv
                0x00000814                _Z26showFeaturedGames_platformv
                0x00000b90                _Z13init_platformPKcbbbb
                0x00000ac4                _Z19moveBanner_platformii
                0x00000754                _Z22pauseRenderer_platformv
                0x000007b4                _Z25showInterstitial_platformv
                0x000008d4                _Z29isFeaturedGamesReady_platformv
                0x00000a64                _Z29prepareFeaturedGames_platformv
                0x00000934                _Z28prepareInterstitial_platformv
                0x000009f4                _Z19showBanner_platformii
 .text._ZN7_JNIEnv11GetMethodIDEP7_jclassPKcS3_
                0x00000c2c       0x1c release/ApplifierCrossPromotion_platform.os
                0x00000c2c                _ZN7_JNIEnv11GetMethodIDEP7_jclassPKcS3_
 .text._ZN7_JNIEnv17CallBooleanMethodEP8_jobjectP10_jmethodIDz
                0x00000c48       0x38 release/ApplifierCrossPromotion_platform.os
                0x00000c48                _ZN7_JNIEnv17CallBooleanMethodEP8_jobjectP10_jmethodIDz
 .text._ZN7_JNIEnv13CallIntMethodEP8_jobjectP10_jmethodIDz
                0x00000c80       0x38 release/ApplifierCrossPromotion_platform.os
                0x00000c80                _ZN7_JNIEnv13CallIntMethodEP8_jobjectP10_jmethodIDz
 .text._ZN7_JNIEnv9NewObjectEP7_jclassP10_jmethodIDz
                0x00000cb8       0x38 release/ApplifierCrossPromotion_platform.os
                0x00000cb8                _ZN7_JNIEnv9NewObjectEP7_jclassP10_jmethodIDz
 .text          0x00000cf0       0xe0 release/ApplifierCrossPromotion.os
                0x00000d40                prepareInterstitial
                0x00000d60                hideBanner
                0x00000dc0                _Z27ApplifierCrossPromotionInitv
                0x00000d10                showFeaturedGames
                0x00000cf0                pauseRenderer
                0x00000d80                showBanner
                0x00000d30                isFeaturedGamesReady
                0x00000d20                isInterstitialReady
                0x00000d90                init
                0x00000d70                moveBanner
                0x00000d00                showInterstitial
                0x00000d50                prepareFeaturedGames
                0x00000db0                _Z32ApplifierCrossPromotionTerminatev
 .text          0x00000dd0      0x298 release/ApplifierCrossPromotion_register.os
                0x00000dd0                _Z34ApplifierCrossPromotionRegisterExtv
                0x00000f1c                RegisterExt
 *(.gnu.warning)
 *(.glue_7t)
 .glue_7t       0x00000000        0x0 linker stubs
 *(.glue_7)
 .glue_7        0x00000000        0x0 linker stubs
 *(.vfp11_veneer)
 .vfp11_veneer  0x00000000        0x0 linker stubs
 *(.v4_bx)
 .v4_bx         0x00000000        0x0 linker stubs

.fini
 *(.fini)
                0x00001068                PROVIDE (__etext, .)
                0x00001068                PROVIDE (_etext, .)
                0x00001068                PROVIDE (etext, .)

.rodata         0x00001068      0x108
 *(.rodata .rodata.* .gnu.linkonce.r.*)
 .rodata.str1.4
                0x00001068      0x108 release/ApplifierCrossPromotion_platform.os
 .rodata.str1.4
                0x00000000       0x18 release/ApplifierCrossPromotion_register.os

.rodata1
 *(.rodata1)

.ARM.extab
 *(.ARM.extab* .gnu.linkonce.armextab.*)
                0x00001170                __exidx_start = .

.ARM.exidx
 *(.ARM.exidx* .gnu.linkonce.armexidx.*)
                0x00001170                __exidx_end = .

.eh_frame_hdr
 *(.eh_frame_hdr)

.eh_frame
 *(.eh_frame)

.gcc_except_table
 *(.gcc_except_table .gcc_except_table.*)
                0x00001170                . = (ALIGN (0x1000) - ((0x1000 - .) & 0xfff))
                0x00002170                . = (0x1000 DATA_SEGMENT_ALIGN 0x1000)

.eh_frame
 *(.eh_frame)

.gcc_except_table
 *(.gcc_except_table .gcc_except_table.*)

.tdata
 *(.tdata .tdata.* .gnu.linkonce.td.*)

.tbss
 *(.tbss .tbss.* .gnu.linkonce.tb.*)
 *(.tcommon)

.preinit_array
 *(.preinit_array)

.init_array
 *(SORT(.init_array.*))
 *(.init_array)

.fini_array
 *(.fini_array)
 *(SORT(.fini_array.*))

.ctors
 *crtbegin.o(.ctors)
 *crtbegin?.o(.ctors)
 *(EXCLUDE_FILE(*crtend?.o *crtend.o) .ctors)
 *(SORT(.ctors.*))
 *(.ctors)

.dtors
 *crtbegin.o(.dtors)
 *crtbegin?.o(.dtors)
 *(EXCLUDE_FILE(*crtend?.o *crtend.o) .dtors)
 *(SORT(.dtors.*))
 *(.dtors)

.jcr
 *(.jcr)

.data.rel.ro
 *(.data.rel.ro.local* .gnu.linkonce.d.rel.ro.local.*)
 *(.data.rel.ro* .gnu.linkonce.d.rel.ro.*)

.dynamic        0x00002170       0xc0
 *(.dynamic)
 .dynamic       0x00002170       0xc0 release/ApplifierCrossPromotion_platform.os
                0x00002170                _DYNAMIC
                0x00002230                . = (. DATA_SEGMENT_RELRO_END 0x0)

.got            0x00002230       0x4c
 *(.got.plt)
 .got.plt       0x00002230       0x18 release/ApplifierCrossPromotion_platform.os
                0x00002230                _GLOBAL_OFFSET_TABLE_
 *(.got)
 .got           0x00002248       0x34 release/ApplifierCrossPromotion_platform.os

.data           0x0000227c        0x0
                0x0000227c                __data_start = .
 *(.data .data.* .gnu.linkonce.d.*)
 .data          0x0000227c        0x0 release/ApplifierCrossPromotion_platform.os
 .data          0x0000227c        0x0 release/ApplifierCrossPromotion.os
 .data          0x0000227c        0x0 release/ApplifierCrossPromotion_register.os

.data1
 *(.data1)
                0x0000227c                _edata = .
                0x0000227c                PROVIDE (edata, .)
                0x0000227c                __bss_start = .
                0x0000227c                __bss_start__ = .

.bss            0x0000227c       0x30
 *(.dynbss)
 .dynbss        0x00000000        0x0 release/ApplifierCrossPromotion_platform.os
 *(.bss .bss.* .gnu.linkonce.b.*)
 .bss           0x0000227c       0x30 release/ApplifierCrossPromotion_platform.os
 .bss           0x000022ac        0x0 release/ApplifierCrossPromotion.os
 .bss           0x000022ac        0x0 release/ApplifierCrossPromotion_register.os
 *(COMMON)
                0x000022ac                . = ALIGN ((. != 0x0)?0x4:0x1)
                0x000022ac                _bss_end__ = .
                0x000022ac                __bss_end__ = .
                0x000022ac                . = ALIGN (0x4)
                0x000022ac                . = ALIGN (0x4)
                0x000022ac                __end__ = .
                0x000022ac                _end = .
                0x000022ac                PROVIDE (end, .)
                0x000022ac                . = DATA_SEGMENT_END (.)

.stab
 *(.stab)

.stabstr
 *(.stabstr)

.stab.excl
 *(.stab.excl)

.stab.exclstr
 *(.stab.exclstr)

.stab.index
 *(.stab.index)

.stab.indexstr
 *(.stab.indexstr)

.comment        0x00000000       0x36
 *(.comment)
 .comment       0x00000000       0x12 release/ApplifierCrossPromotion_platform.os
 .comment       0x00000012       0x12 release/ApplifierCrossPromotion.os
 .comment       0x00000024       0x12 release/ApplifierCrossPromotion_register.os

.debug
 *(.debug)

.line
 *(.line)

.debug_srcinfo
 *(.debug_srcinfo)

.debug_sfnames
 *(.debug_sfnames)

.debug_aranges
 *(.debug_aranges)

.debug_pubnames
 *(.debug_pubnames)

.debug_info
 *(.debug_info .gnu.linkonce.wi.*)

.debug_abbrev
 *(.debug_abbrev)

.debug_line
 *(.debug_line)

.debug_frame
 *(.debug_frame)

.debug_str
 *(.debug_str)

.debug_loc
 *(.debug_loc)

.debug_macinfo
 *(.debug_macinfo)

.debug_weaknames
 *(.debug_weaknames)

.debug_funcnames
 *(.debug_funcnames)

.debug_typenames
 *(.debug_typenames)

.debug_varnames
 *(.debug_varnames)

.debug_pubtypes
 *(.debug_pubtypes)

.debug_ranges
 *(.debug_ranges)

.gnu.attributes
 *(.gnu.attributes)

.note.gnu.arm.ident
 *(.note.gnu.arm.ident)

/DISCARD/
 *(.note.GNU-stack)
 *(.gnu_debuglink)
OUTPUT(/Developer/Marmalade/5.1/extensions/applifier/lib/android/libApplifierCrossPromotion.so elf32-littlearm)

.ARM.attributes
                0x00000000       0x28
 .ARM.attributes
                0x00000000       0x28 release/ApplifierCrossPromotion_platform.os
 .ARM.attributes
                0x00000028       0x28 release/ApplifierCrossPromotion.os
 .ARM.attributes
                0x00000050       0x28 release/ApplifierCrossPromotion_register.os
